// Jest Snapshot v1, https://goo.gl/fbAQLP

exports[`<GhostPostCard /> wrapper: should render 1`] = `
<Memo(GhostPostCard)
  post={
    Object {
      "canonical_url": null,
      "codeinjection_foot": null,
      "codeinjection_head": null,
      "comment_id": "6017df3f6b0d7a001c15cc7c",
      "created_at": "2021-02-01T11:00:15.000+00:00",
      "custom_excerpt": "Discover familiar formatting options in a functional toolbar and the ability to add dynamic content seamlessly.",
      "custom_template": null,
      "excerpt": "Discover familiar formatting options in a functional toolbar and the ability to add dynamic content seamlessly.",
      "feature_image": "https://static.ghost.org/v3.0.0/images/writing-posts-with-ghost.png",
      "featured": false,
      "html": "<h2 id=\\"just-start-writing\\">Just start writing</h2><p>Ghost has a powerful visual editor with familiar formatting options, as well as the ability to add dynamic content.</p><p>Select your text to add formatting such as headers or to create links. Or use Markdown shortcuts to do the work for you - if that's your thing. </p><figure class=\\"kg-card kg-image-card\\"><img src=\\"https://static.ghost.org/v2.0.0/images/formatting-editor-demo.gif\\" class=\\"kg-image\\"></figure><h2 id=\\"rich-editing-at-your-fingertips\\">Rich editing at your fingertips</h2><p>The editor can also handle rich media objects, called <strong>cards</strong>, which can be organised and re-ordered using drag and drop. </p><p>You can insert a card either by clicking the  <code>+</code>  button, or typing  <code>/</code>  on a new line to search for a particular card. This allows you to efficiently insert<strong> images</strong>, <strong>markdown</strong>, <strong>html, embeds </strong>and more.</p><p><strong>For example</strong>:</p><ul><li>Insert a video from YouTube directly by pasting the URL</li><li>Create unique content like buttons or forms using the HTML card</li><li>Need to share some code? Embed code blocks directly </li></ul><pre><code>&lt;header class=\\"site-header outer\\"&gt;
    &lt;div class=\\"inner\\"&gt;
        {{&gt; \\"site-nav\\"}}
    &lt;/div&gt;
&lt;/header&gt;</code></pre><p>It's also possible to share links from across the web in a visual way using bookmark cards that automatically render information from a websites meta data. Paste any URL to try it out: </p><figure class=\\"kg-card kg-bookmark-card\\"><a class=\\"kg-bookmark-container\\" href=\\"https://ghost.org\\"><div class=\\"kg-bookmark-content\\"><div class=\\"kg-bookmark-title\\">Ghost: The #1 open source headless Node.js CMS</div><div class=\\"kg-bookmark-description\\">The world’s most popular modern open source publishing platform. A headless Node.js CMS used by Apple, Sky News, Tinder and thousands more. MIT licensed, with 30k+ stars on Github.</div><div class=\\"kg-bookmark-metadata\\"><img class=\\"kg-bookmark-icon\\" src=\\"https://ghost.org/icons/icon-512x512.png?v=188b8b6d743c6338ba2eab2e35bab4f5\\"><span class=\\"kg-bookmark-publisher\\">Ghost</span></div></div><div class=\\"kg-bookmark-thumbnail\\"><img src=\\"https://ghost.org/images/meta/Ghost.png\\"></div></a></figure><h2 id=\\"working-with-images-in-posts\\">Working with images in posts</h2><p>You can add images to your posts in many ways:</p><ul><li>Upload from your computer</li><li>Click and drag an image into the browser</li><li>Paste directly into the editor from your clipboard</li><li>Insert using a URL</li></ul><h3 id=\\"image-sizes\\">Image sizes</h3><p>Once inserted you can blend images beautifully into your content at different sizes and add captions and alt tags wherever needed.</p><figure class=\\"kg-card kg-image-card\\"><img src=\\"https://static.ghost.org/v3.0.0/images/image-sizes-ghost-editor.png\\" class=\\"kg-image\\"></figure><h3 id=\\"image-galleries\\">Image galleries</h3><p>Tell visual stories using the gallery card to add up to 9 images that will display as a responsive image gallery: </p><figure class=\\"kg-card kg-gallery-card kg-width-wide\\"><div class=\\"kg-gallery-container\\"><div class=\\"kg-gallery-row\\"><div class=\\"kg-gallery-image\\"><img src=\\"https://static.ghost.org/v3.0.0/images/gallery-sample-1.jpg\\" width=\\"6000\\" height=\\"4000\\"></div><div class=\\"kg-gallery-image\\"><img src=\\"https://static.ghost.org/v3.0.0/images/gallery-sample-2.jpg\\" width=\\"5746\\" height=\\"3831\\"></div><div class=\\"kg-gallery-image\\"><img src=\\"https://static.ghost.org/v3.0.0/images/gallery-sample-3.jpg\\" width=\\"5872\\" height=\\"3915\\"></div></div></div></figure><h3 id=\\"image-optimisation\\">Image optimisation</h3><p>Ghost will automatically resize and optimise your images with lossless compression. Your posts will be fully optimised for the web without any extra effort on your part.</p><h2 id=\\"next-publishing-options\\">Next: Publishing Options</h2><p>Once your post is looking good, you'll want to use the <a href=\\"https://wlz-blog.herokuapp.com/publishing-options/\\">publishing options</a> to ensure it gets distributed in the right places, with custom meta data, feature images and more.</p>",
      "id": "6017df3f6b0d7a001c15cc7c",
      "meta_description": null,
      "meta_title": null,
      "og_description": null,
      "og_image": null,
      "og_title": null,
      "published_at": "2021-02-01T11:00:20.000+00:00",
      "reading_time": 3,
      "slug": "the-editor",
      "title": "Writing posts with Ghost ✍️",
      "twitter_description": null,
      "twitter_image": null,
      "twitter_title": null,
      "updated_at": "2021-02-01T11:00:15.000+00:00",
      "url": "https://wlz-blog.herokuapp.com/the-editor/",
      "uuid": "b4283683-b51e-4c67-ba42-66de093b1e05",
    }
  }
>
  <Link
    href="/news/the-editor"
    passHref={true}
  >
    <styles__Anchor
      aria-label="postcard Writing posts with Ghost ✍️"
      className="post-card featured"
      color="#ffffff"
      href="/news/the-editor"
      isFeatured={false}
      onClick={[Function]}
      onMouseEnter={[Function]}
      target="_self"
      textColor="#6666ff"
      title="postcard Writing posts with Ghost ✍️"
    >
      <a
        aria-label="postcard Writing posts with Ghost ✍️"
        className="styles__Anchor-pmxezz-0 goXYDO post-card featured"
        color="#ffffff"
        href="/news/the-editor"
        onClick={[Function]}
        onMouseEnter={[Function]}
        target="_self"
        title="postcard Writing posts with Ghost ✍️"
      >
        <styles__Article>
          <article
            className="styles__Article-pmxezz-1 kulkFr"
          >
            <styles__Header>
              <header
                className="styles__Header-pmxezz-2"
              >
                <styles__CardImage
                  isVisible={true}
                >
                  <div
                    className="styles__CardImage-pmxezz-3 loizaj"
                  >
                    <Memo(ImageWithPlaceholder)
                      imageAriaLabel="post Writing posts with Ghost ✍️"
                      imageTitle="post Writing posts with Ghost ✍️"
                      imageUrl="https://static.ghost.org/v3.0.0/images/writing-posts-with-ghost.png"
                      placeholderType="rect"
                      style={
                        Object {
                          "position": "absolute",
                          "top": "0",
                        }
                      }
                    >
                      <styles__Container
                        style={
                          Object {
                            "position": "absolute",
                            "top": "0",
                          }
                        }
                      >
                        <div
                          className="styles__Container-sc-1li6v9v-0 HMjkw"
                          style={
                            Object {
                              "position": "absolute",
                              "top": "0",
                            }
                          }
                        >
                          <ReactPlaceholder
                            firstLaunchOnly={true}
                            ready={false}
                            showLoadingAnimation={true}
                            style={
                              Object {
                                "marginRight": "0",
                                "position": "absolute",
                              }
                            }
                            type="rect"
                          >
                            <RectShape
                              className="show-loading-animation"
                              color="#CDCDCD"
                              rows={3}
                              style={
                                Object {
                                  "marginRight": "0",
                                  "position": "absolute",
                                }
                              }
                            >
                              <div
                                className="rect-shape show-loading-animation"
                                style={
                                  Object {
                                    "backgroundColor": "#CDCDCD",
                                    "height": "100%",
                                    "marginRight": "0",
                                    "position": "absolute",
                                    "width": "100%",
                                  }
                                }
                              />
                            </RectShape>
                          </ReactPlaceholder>
                          <Image
                            aria-label="post Writing posts with Ghost ✍️"
                            layout="fill"
                            objectFit="cover"
                            onLoad={[Function]}
                            quality={75}
                            src="https://static.ghost.org/v3.0.0/images/writing-posts-with-ghost.png"
                            title="post Writing posts with Ghost ✍️"
                          >
                            <div
                              style={
                                Object {
                                  "bottom": 0,
                                  "boxSizing": "border-box",
                                  "display": "block",
                                  "left": 0,
                                  "margin": 0,
                                  "overflow": "hidden",
                                  "position": "absolute",
                                  "right": 0,
                                  "top": 0,
                                }
                              }
                            >
                              <img
                                aria-label="post Writing posts with Ghost ✍️"
                                decoding="async"
                                onLoad={[Function]}
                                src="data:image/gif;base64,R0lGODlhAQABAIAAAAAAAP///yH5BAEAAAAALAAAAAABAAEAAAIBRAA7"
                                style={
                                  Object {
                                    "border": "none",
                                    "bottom": 0,
                                    "boxSizing": "border-box",
                                    "display": "block",
                                    "height": 0,
                                    "left": 0,
                                    "margin": "auto",
                                    "maxHeight": "100%",
                                    "maxWidth": "100%",
                                    "minHeight": "100%",
                                    "minWidth": "100%",
                                    "objectFit": "cover",
                                    "objectPosition": undefined,
                                    "padding": 0,
                                    "position": "absolute",
                                    "right": 0,
                                    "top": 0,
                                    "visibility": "hidden",
                                    "width": 0,
                                  }
                                }
                                title="post Writing posts with Ghost ✍️"
                              />
                            </div>
                          </Image>
                        </div>
                      </styles__Container>
                    </Memo(ImageWithPlaceholder)>
                  </div>
                </styles__CardImage>
                <styles__CardHeadline>
                  <h3
                    className="styles__CardHeadline-pmxezz-4 fpUjLl"
                  >
                    Writing posts with Ghost ✍️
                  </h3>
                </styles__CardHeadline>
              </header>
            </styles__Header>
            <styles__EntryContent>
              <div
                className="styles__EntryContent-pmxezz-5 fbeNuV"
              >
                <p>
                  Discover familiar formatting options in a functional toolbar and the ability to add dynamic content seamlessly.
                </p>
                <styles__CardPublishedAt
                  isShowDate={true}
                >
                  <span
                    className="styles__CardPublishedAt-pmxezz-6 bjlrxv"
                  >
                    2021-02-01T11:00:20.000+00:00
                  </span>
                </styles__CardPublishedAt>
              </div>
            </styles__EntryContent>
          </article>
        </styles__Article>
      </a>
    </styles__Anchor>
  </Link>
</Memo(GhostPostCard)>
`;
